ARM Linker, 5.03 [Build 76] [MDK-ARM Lite]

==============================================================================

Section Cross References



==============================================================================

Image Symbol Table

    Local Symbols

    Symbol Name                              Value     Ov Type        Size  Object(Section)

    mini3                                    0x00000000   Section      732  mini3.o(mini3)
    mini3.s                                  0x00000000   Number         0  mini3.o ABSOLUTE
    Image                                    0x00000008   Data          64  mini3.o(mini3)
    row1                                     0x000001c4   Data          16  mini3.o(mini3)
    row2                                     0x000001d4   Data          16  mini3.o(mini3)
    row3                                     0x000001e4   Data          16  mini3.o(mini3)
    row4                                     0x000001f4   Data          16  mini3.o(mini3)
    row5                                     0x00000204   Data          16  mini3.o(mini3)
    row6                                     0x00000214   Data          16  mini3.o(mini3)
    row7                                     0x00000224   Data          16  mini3.o(mini3)
    row8                                     0x00000234   Data          16  mini3.o(mini3)
    row9                                     0x00000244   Data          16  mini3.o(mini3)
    row10                                    0x00000254   Data          16  mini3.o(mini3)
    row11                                    0x00000264   Data          16  mini3.o(mini3)
    row12                                    0x00000274   Data          16  mini3.o(mini3)
    row13                                    0x00000284   Data          16  mini3.o(mini3)
    row14                                    0x00000294   Data          16  mini3.o(mini3)
    row15                                    0x000002a4   Data          16  mini3.o(mini3)
    row16                                    0x000002b4   Data          16  mini3.o(mini3)

    Global Symbols

    Symbol Name                              Value     Ov Type        Size  Object(Section)

    BuildAttributes$$THM_ISAv1$ARM_ISAv4$S$PE$A:L22$X:L11$S22$IEEE1$IW$USESV6$~STKCKD$USESV7$~SHL$OSPACE$EBA8$STANDARDLIB$EABIv2 0x00000000   Number         0  anon$$obj.o ABSOLUTE



==============================================================================

Memory Map of the image

  Image Entry point : 0x00000000

  Load Region LR_1 (Base: 0x00000000, Size: 0x000002dc, Max: 0xffffffff, ABSOLUTE)

    Execution Region ER_RO (Base: 0x00000000, Size: 0x000002dc, Max: 0xffffffff, ABSOLUTE)

    Base Addr    Size         Type   Attr      Idx    E Section Name        Object

    0x00000000   0x000002dc   Code   RO            1  * mini3               mini3.o


    Execution Region ER_RW (Base: 0x40000000, Size: 0x00000000, Max: 0xffffffff, ABSOLUTE)

    **** No section assigned to this execution region ****


    Execution Region ER_ZI (Base: 0x40000000, Size: 0x00000000, Max: 0xffffffff, ABSOLUTE)

    **** No section assigned to this execution region ****


==============================================================================

Image component sizes


      Code (inc. data)   RO Data    RW Data    ZI Data      Debug   Object Name

       732        344          0          0          0        336   mini3.o

    ----------------------------------------------------------------------
       732        344          0          0          0        336   Object Totals
         0          0          0          0          0          0   (incl. Generated)
         0          0          0          0          0          0   (incl. Padding)

    ----------------------------------------------------------------------
         0          0          0          0          0          0   Library Totals
         0          0          0          0          0          0   (incl. Padding)

    ----------------------------------------------------------------------

==============================================================================


      Code (inc. data)   RO Data    RW Data    ZI Data      Debug   

       732        344          0          0          0        336   Grand Totals
       732        344          0          0          0        336   ELF Image Totals
       732        344          0          0          0          0   ROM Totals

==============================================================================

    Total RO  Size (Code + RO Data)                  732 (   0.71kB)
    Total RW  Size (RW Data + ZI Data)                 0 (   0.00kB)
    Total ROM Size (Code + RO Data + RW Data)        732 (   0.71kB)

==============================================================================

